­ƒÜÇ Starting System Optimization Verification...

Configured Secret: sophie-secure-2024

Test 1: Webhook without secret...
ÔØî FAIL: Webhook should have been rejected without secret.

Test 2: Webhook with wrong secret...
ÔØî FAIL: Webhook should have been rejected with wrong secret.

Test 3: Valid Webhook with correct secret...
Ô£à PASS: Webhook processed successfully with secret.

­ƒÅü Verification complete.
